

================================================================
== Synthesis Summary Report of 'down_kernel'
================================================================
+ General Information: 
    * Date:           Wed Mar 31 18:08:03 2021
    * Version:        2020.2 (Build 3064766 on Wed Nov 18 09:12:47 MST 2020)
    * Project:        exchange_stream_down_kernel
    * Solution:       solution (Vitis Kernel Flow Target)
    * Product family: virtexuplus
    * Target device:  xcu200-fsgd2104-2-e
    

+ Performance & Resource Estimates: 
    
    PS: '+' for module; 'o' for loop; '*' for dataflow
    +--------------------------------------+--------+-------+---------+-----------+----------+---------+------+----------+---------+------------+-------------+-------------+-----+
    |                Modules               |  Issue |       | Latency |  Latency  | Iteration|         | Trip |          |         |            |             |             |     |
    |                & Loops               |  Type  | Slack | (cycles)|    (ns)   |  Latency | Interval| Count| Pipelined|  BRAM   |     DSP    |      FF     |     LUT     | URAM|
    +--------------------------------------+--------+-------+---------+-----------+----------+---------+------+----------+---------+------------+-------------+-------------+-----+
    |+ down_kernel                         |  Timing|   0.00|     9035|  3.011e+04|         -|     9036|     -|        no|  90 (2%)|  1104 (16%)|  213940 (9%)|  109103 (9%)|    -|
    | + grp_lc_mgvf_fu_118                 |  Timing|   0.00|     4493|  1.498e+04|         -|     4493|     -|        no|        -|  1104 (16%)|  208585 (8%)|  102637 (8%)|    -|
    |  + grp_lc_mgvf_stencil_core_fu_7090  |       -|  -0.09|       90|    299.970|         -|        1|     -|       yes|        -|     69 (1%)|   9946 (~0%)|   5751 (~0%)|    -|
    |  + grp_lc_mgvf_stencil_core_fu_7108  |       -|  -0.09|       90|    299.970|         -|        1|     -|       yes|        -|     69 (1%)|   9946 (~0%)|   5751 (~0%)|    -|
    |  + grp_lc_mgvf_stencil_core_fu_7128  |       -|  -0.09|       90|    299.970|         -|        1|     -|       yes|        -|     69 (1%)|   9946 (~0%)|   5751 (~0%)|    -|
    |  + grp_lc_mgvf_stencil_core_fu_7148  |       -|  -0.09|       90|    299.970|         -|        1|     -|       yes|        -|     69 (1%)|   9946 (~0%)|   5751 (~0%)|    -|
    |  + grp_lc_mgvf_stencil_core_fu_7168  |       -|  -0.09|       90|    299.970|         -|        1|     -|       yes|        -|     69 (1%)|   9946 (~0%)|   5751 (~0%)|    -|
    |  + grp_lc_mgvf_stencil_core_fu_7188  |       -|  -0.09|       90|    299.970|         -|        1|     -|       yes|        -|     69 (1%)|   9946 (~0%)|   5751 (~0%)|    -|
    |  + grp_lc_mgvf_stencil_core_fu_7208  |       -|  -0.09|       90|    299.970|         -|        1|     -|       yes|        -|     69 (1%)|   9946 (~0%)|   5751 (~0%)|    -|
    |  + grp_lc_mgvf_stencil_core_fu_7228  |       -|  -0.09|       90|    299.970|         -|        1|     -|       yes|        -|     69 (1%)|   9946 (~0%)|   5751 (~0%)|    -|
    |  + grp_lc_mgvf_stencil_core_fu_7248  |       -|  -0.09|       90|    299.970|         -|        1|     -|       yes|        -|     69 (1%)|   9946 (~0%)|   5751 (~0%)|    -|
    |  + grp_lc_mgvf_stencil_core_fu_7268  |       -|  -0.09|       90|    299.970|         -|        1|     -|       yes|        -|     69 (1%)|   9946 (~0%)|   5751 (~0%)|    -|
    |  + grp_lc_mgvf_stencil_core_fu_7288  |       -|  -0.09|       90|    299.970|         -|        1|     -|       yes|        -|     69 (1%)|   9946 (~0%)|   5751 (~0%)|    -|
    |  + grp_lc_mgvf_stencil_core_fu_7308  |       -|  -0.09|       90|    299.970|         -|        1|     -|       yes|        -|     69 (1%)|   9946 (~0%)|   5751 (~0%)|    -|
    |  + grp_lc_mgvf_stencil_core_fu_7328  |       -|  -0.09|       90|    299.970|         -|        1|     -|       yes|        -|     69 (1%)|   9946 (~0%)|   5751 (~0%)|    -|
    |  + grp_lc_mgvf_stencil_core_fu_7348  |       -|  -0.09|       90|    299.970|         -|        1|     -|       yes|        -|     69 (1%)|   9946 (~0%)|   5751 (~0%)|    -|
    |  + grp_lc_mgvf_stencil_core_fu_7368  |       -|  -0.09|       90|    299.970|         -|        1|     -|       yes|        -|     69 (1%)|   9946 (~0%)|   5751 (~0%)|    -|
    |  + grp_lc_mgvf_stencil_core_fu_7388  |       -|  -0.09|       90|    299.970|         -|        1|     -|       yes|        -|     69 (1%)|   9946 (~0%)|   5751 (~0%)|    -|
    |  o PRE_LOOP1                         |       -|  -2.43|       10|     33.330|         3|        1|     8|       yes|        -|           -|            -|            -|    -|
    |  o PRE_LOOP2                         |       -|  -2.43|        9|     29.997|         2|        1|     8|       yes|        -|           -|            -|            -|    -|
    |  o INITIALIZE_LOOP                   |       -|  -2.43|       12|     39.996|         3|        1|    10|       yes|        -|           -|            -|            -|    -|
    |  o MAJOR_LOOP                        |       -|  -2.43|     4189|  1.396e+04|        95|        1|  4096|       yes|        -|           -|            -|            -|    -|
    | + grp_data_exchange_fu_138           |       -|  -1.03|       20|     66.660|         -|       20|     -|        no|        -|           -|     16 (~0%)|    135 (~0%)|    -|
    |  o VITIS_LOOP_192_1                  |       -|  -2.43|        8|     26.664|         1|        1|     8|       yes|        -|           -|            -|            -|    -|
    |  o VITIS_LOOP_181_1                  |       -|  -2.43|        8|     26.664|         2|        1|     8|       yes|        -|           -|            -|            -|    -|
    +--------------------------------------+--------+-------+---------+-----------+----------+---------+------+----------+---------+------------+-------------+-------------+-----+

