

================================================================
== Vitis HLS Report for 'up_kernel'
================================================================
* Date:           Fri Apr  2 21:14:18 2021

* Version:        2020.2 (Build 3064766 on Wed Nov 18 09:12:47 MST 2020)
* Project:        up_kernel
* Solution:       solution (Vitis Kernel Flow Target)
* Product family: virtexuplus
* Target device:  xcu200-fsgd2104-2-e


================================================================
== Performance Estimates
================================================================
+ Timing: 
    * Summary: 
    +--------+---------+----------+------------+
    |  Clock |  Target | Estimated| Uncertainty|
    +--------+---------+----------+------------+
    |ap_clk  |  3.33 ns|  2.433 ns|     0.90 ns|
    +--------+---------+----------+------------+

+ Latency: 
    * Summary: 
    +---------+---------+----------+----------+-----+-----+---------+
    |  Latency (cycles) |  Latency (absolute) |  Interval | Pipeline|
    |   min   |   max   |    min   |    max   | min | max |   Type  |
    +---------+---------+----------+----------+-----+-----+---------+
    |        ?|        ?|         ?|         ?|    ?|    ?|     none|
    +---------+---------+----------+----------+-----+-----+---------+

    + Detail: 
        * Instance: 
        +--------------------+---------+---------+---------+-----------+-----------+------+------+---------+
        |                    |         |  Latency (cycles) |   Latency (absolute)  |   Interval  | Pipeline|
        |      Instance      |  Module |   min   |   max   |    min    |    max    |  min |  max |   Type  |
        +--------------------+---------+---------+---------+-----------+-----------+------+------+---------+
        |grp_lc_mgvf_fu_121  |lc_mgvf  |     4443|     4443|  14.809 us|  14.809 us|  4443|  4443|     none|
        +--------------------+---------+---------+---------+-----------+-----------+------+------+---------+

        * Loop: 
        +--------------------+---------+---------+----------+-----------+-----------+------+----------+
        |                    |  Latency (cycles) | Iteration|  Initiation Interval  | Trip |          |
        |      Loop Name     |   min   |   max   |  Latency |  achieved |   target  | Count| Pipelined|
        +--------------------+---------+---------+----------+-----------+-----------+------+----------+
        |- VITIS_LOOP_147_1  |        ?|        ?|      8890|          -|          -|     ?|        no|
        +--------------------+---------+---------+----------+-----------+-----------+------+----------+



================================================================
== Utilization Estimates
================================================================
* Summary: 
+---------------------+---------+------+---------+---------+-----+
|         Name        | BRAM_18K|  DSP |    FF   |   LUT   | URAM|
+---------------------+---------+------+---------+---------+-----+
|DSP                  |        -|     -|        -|        -|    -|
|Expression           |        -|     -|        0|      201|    -|
|FIFO                 |        -|     -|        -|        -|    -|
|Instance             |       90|  1104|   194763|   103533|    -|
|Memory               |        -|     -|        -|        -|    -|
|Multiplexer          |        -|     -|        -|      367|    -|
|Register             |        -|     -|      423|        -|    -|
+---------------------+---------+------+---------+---------+-----+
|Total                |       90|  1104|   195186|   104101|    0|
+---------------------+---------+------+---------+---------+-----+
|Available SLR        |     1440|  2280|   788160|   394080|  320|
+---------------------+---------+------+---------+---------+-----+
|Utilization SLR (%)  |        6|    48|       24|       26|    0|
+---------------------+---------+------+---------+---------+-----+
|Available            |     4320|  6840|  2364480|  1182240|  960|
+---------------------+---------+------+---------+---------+-----+
|Utilization (%)      |        2|    16|        8|        8|    0|
+---------------------+---------+------+---------+---------+-----+

+ Detail: 
    * Instance: 
    +--------------------+---------------+---------+------+--------+-------+-----+
    |      Instance      |     Module    | BRAM_18K|  DSP |   FF   |  LUT  | URAM|
    +--------------------+---------------+---------+------+--------+-------+-----+
    |I1_m_axi_U          |I1_m_axi       |       30|     0|    1415|   1585|    0|
    |control_s_axi_U     |control_s_axi  |        0|     0|     322|    552|    0|
    |imgvf1_m_axi_U      |imgvf1_m_axi   |       30|     0|    1415|   1585|    0|
    |grp_lc_mgvf_fu_121  |lc_mgvf        |        0|  1104|  190196|  98226|    0|
    |result1_m_axi_U     |result1_m_axi  |       30|     0|    1415|   1585|    0|
    +--------------------+---------------+---------+------+--------+-------+-----+
    |Total               |               |       90|  1104|  194763| 103533|    0|
    +--------------------+---------------+---------+------+--------+-------+-----+

    * DSP: 
    N/A

    * Memory: 
    N/A

    * FIFO: 
    N/A

    * Expression: 
    +----------------------+----------+----+---+----+------------+------------+
    |     Variable Name    | Operation| DSP| FF| LUT| Bitwidth P0| Bitwidth P1|
    +----------------------+----------+----+---+----+------------+------------+
    |empty_31_fu_152_p2    |         +|   0|  0|  71|          64|          11|
    |empty_fu_146_p2       |         +|   0|  0|  71|          64|          11|
    |i_1_fu_158_p2         |         +|   0|  0|  38|          31|           1|
    |icmp_ln147_fu_164_p2  |      icmp|   0|  0|  19|          31|          31|
    |ap_block_state1       |        or|   0|  0|   2|           1|           1|
    +----------------------+----------+----+---+----+------------+------------+
    |Total                 |          |   0|  0| 201|         191|          55|
    +----------------------+----------+----+---+----+------------+------------+

    * Multiplexer: 
    +------------------------------------------+----+-----------+-----+-----------+
    |                   Name                   | LUT| Input Size| Bits| Total Bits|
    +------------------------------------------+----+-----------+-----+-----------+
    |I1_ARVALID                                |   9|          2|    1|          2|
    |I1_RREADY                                 |   9|          2|    1|          2|
    |ap_NS_fsm                                 |  31|          6|    1|          6|
    |ap_done                                   |   9|          2|    1|          2|
    |grp_lc_mgvf_fu_121_imgvf                  |  14|          3|   64|        192|
    |grp_lc_mgvf_fu_121_m_axi_imgvf1_ARREADY   |  14|          3|    1|          3|
    |grp_lc_mgvf_fu_121_m_axi_imgvf1_RDATA     |  14|          3|  512|       1536|
    |grp_lc_mgvf_fu_121_m_axi_imgvf1_RID       |  14|          3|    1|          3|
    |grp_lc_mgvf_fu_121_m_axi_imgvf1_RLAST     |  14|          3|    1|          3|
    |grp_lc_mgvf_fu_121_m_axi_imgvf1_RRESP     |  14|          3|    2|          6|
    |grp_lc_mgvf_fu_121_m_axi_imgvf1_RUSER     |  14|          3|    1|          3|
    |grp_lc_mgvf_fu_121_m_axi_imgvf1_RVALID    |  14|          3|    1|          3|
    |grp_lc_mgvf_fu_121_m_axi_result1_AWREADY  |  14|          3|    1|          3|
    |grp_lc_mgvf_fu_121_m_axi_result1_BID      |  14|          3|    1|          3|
    |grp_lc_mgvf_fu_121_m_axi_result1_BRESP    |  14|          3|    2|          6|
    |grp_lc_mgvf_fu_121_m_axi_result1_BUSER    |  14|          3|    1|          3|
    |grp_lc_mgvf_fu_121_m_axi_result1_BVALID   |  14|          3|    1|          3|
    |grp_lc_mgvf_fu_121_m_axi_result1_WREADY   |  14|          3|    1|          3|
    |grp_lc_mgvf_fu_121_result                 |  14|          3|   64|        192|
    |i_reg_110                                 |   9|          2|   31|         62|
    |imgvf1_ARVALID                            |   9|          2|    1|          2|
    |imgvf1_AWVALID                            |   9|          2|    1|          2|
    |imgvf1_BREADY                             |   9|          2|    1|          2|
    |imgvf1_RREADY                             |   9|          2|    1|          2|
    |imgvf1_WVALID                             |   9|          2|    1|          2|
    |result1_ARVALID                           |   9|          2|    1|          2|
    |result1_AWVALID                           |   9|          2|    1|          2|
    |result1_BREADY                            |   9|          2|    1|          2|
    |result1_RREADY                            |   9|          2|    1|          2|
    |result1_WVALID                            |   9|          2|    1|          2|
    +------------------------------------------+----+-----------+-----+-----------+
    |Total                                     | 367|         79|  699|       2056|
    +------------------------------------------+----+-----------+-----+-----------+

    * Register: 
    +---------------------------------+----+----+-----+-----------+
    |               Name              | FF | LUT| Bits| Const Bits|
    +---------------------------------+----+----+-----+-----------+
    |I_read_reg_169                   |  64|   0|   64|          0|
    |ap_CS_fsm                        |   5|   0|    5|          0|
    |ap_done_reg                      |   1|   0|    1|          0|
    |ap_rst_n_inv                     |   1|   0|    1|          0|
    |ap_rst_reg_1                     |   1|   0|    1|          0|
    |ap_rst_reg_2                     |   1|   0|    1|          0|
    |div_cast_reg_184                 |  31|   0|   31|          0|
    |empty_31_reg_194                 |  64|   0|   64|          0|
    |empty_reg_189                    |  64|   0|   64|          0|
    |grp_lc_mgvf_fu_121_ap_start_reg  |   1|   0|    1|          0|
    |i_1_reg_199                      |  31|   0|   31|          0|
    |i_reg_110                        |  31|   0|   31|          0|
    |imgvf_read_reg_174               |  64|   0|   64|          0|
    |result_read_reg_179              |  64|   0|   64|          0|
    +---------------------------------+----+----+-----+-----------+
    |Total                            | 423|   0|  423|          0|
    +---------------------------------+----+----+-----+-----------+



================================================================
== Interface
================================================================
* Summary: 
+------------------------+-----+-----+---------------+--------------+--------------+
|        RTL Ports       | Dir | Bits|    Protocol   | Source Object|    C Type    |
+------------------------+-----+-----+---------------+--------------+--------------+
|s_axi_control_AWVALID   |   in|    1|          s_axi|       control|        scalar|
|s_axi_control_AWREADY   |  out|    1|          s_axi|       control|        scalar|
|s_axi_control_AWADDR    |   in|    7|          s_axi|       control|        scalar|
|s_axi_control_WVALID    |   in|    1|          s_axi|       control|        scalar|
|s_axi_control_WREADY    |  out|    1|          s_axi|       control|        scalar|
|s_axi_control_WDATA     |   in|   32|          s_axi|       control|        scalar|
|s_axi_control_WSTRB     |   in|    4|          s_axi|       control|        scalar|
|s_axi_control_ARVALID   |   in|    1|          s_axi|       control|        scalar|
|s_axi_control_ARREADY   |  out|    1|          s_axi|       control|        scalar|
|s_axi_control_ARADDR    |   in|    7|          s_axi|       control|        scalar|
|s_axi_control_RVALID    |  out|    1|          s_axi|       control|        scalar|
|s_axi_control_RREADY    |   in|    1|          s_axi|       control|        scalar|
|s_axi_control_RDATA     |  out|   32|          s_axi|       control|        scalar|
|s_axi_control_RRESP     |  out|    2|          s_axi|       control|        scalar|
|s_axi_control_BVALID    |  out|    1|          s_axi|       control|        scalar|
|s_axi_control_BREADY    |   in|    1|          s_axi|       control|        scalar|
|s_axi_control_BRESP     |  out|    2|          s_axi|       control|        scalar|
|ap_clk                  |   in|    1|  ap_ctrl_chain|     up_kernel|  return value|
|ap_rst_n                |   in|    1|  ap_ctrl_chain|     up_kernel|  return value|
|interrupt               |  out|    1|  ap_ctrl_chain|     up_kernel|  return value|
|m_axi_result1_AWVALID   |  out|    1|          m_axi|       result1|       pointer|
|m_axi_result1_AWREADY   |   in|    1|          m_axi|       result1|       pointer|
|m_axi_result1_AWADDR    |  out|   64|          m_axi|       result1|       pointer|
|m_axi_result1_AWID      |  out|    1|          m_axi|       result1|       pointer|
|m_axi_result1_AWLEN     |  out|    8|          m_axi|       result1|       pointer|
|m_axi_result1_AWSIZE    |  out|    3|          m_axi|       result1|       pointer|
|m_axi_result1_AWBURST   |  out|    2|          m_axi|       result1|       pointer|
|m_axi_result1_AWLOCK    |  out|    2|          m_axi|       result1|       pointer|
|m_axi_result1_AWCACHE   |  out|    4|          m_axi|       result1|       pointer|
|m_axi_result1_AWPROT    |  out|    3|          m_axi|       result1|       pointer|
|m_axi_result1_AWQOS     |  out|    4|          m_axi|       result1|       pointer|
|m_axi_result1_AWREGION  |  out|    4|          m_axi|       result1|       pointer|
|m_axi_result1_AWUSER    |  out|    1|          m_axi|       result1|       pointer|
|m_axi_result1_WVALID    |  out|    1|          m_axi|       result1|       pointer|
|m_axi_result1_WREADY    |   in|    1|          m_axi|       result1|       pointer|
|m_axi_result1_WDATA     |  out|  512|          m_axi|       result1|       pointer|
|m_axi_result1_WSTRB     |  out|   64|          m_axi|       result1|       pointer|
|m_axi_result1_WLAST     |  out|    1|          m_axi|       result1|       pointer|
|m_axi_result1_WID       |  out|    1|          m_axi|       result1|       pointer|
|m_axi_result1_WUSER     |  out|    1|          m_axi|       result1|       pointer|
|m_axi_result1_ARVALID   |  out|    1|          m_axi|       result1|       pointer|
|m_axi_result1_ARREADY   |   in|    1|          m_axi|       result1|       pointer|
|m_axi_result1_ARADDR    |  out|   64|          m_axi|       result1|       pointer|
|m_axi_result1_ARID      |  out|    1|          m_axi|       result1|       pointer|
|m_axi_result1_ARLEN     |  out|    8|          m_axi|       result1|       pointer|
|m_axi_result1_ARSIZE    |  out|    3|          m_axi|       result1|       pointer|
|m_axi_result1_ARBURST   |  out|    2|          m_axi|       result1|       pointer|
|m_axi_result1_ARLOCK    |  out|    2|          m_axi|       result1|       pointer|
|m_axi_result1_ARCACHE   |  out|    4|          m_axi|       result1|       pointer|
|m_axi_result1_ARPROT    |  out|    3|          m_axi|       result1|       pointer|
|m_axi_result1_ARQOS     |  out|    4|          m_axi|       result1|       pointer|
|m_axi_result1_ARREGION  |  out|    4|          m_axi|       result1|       pointer|
|m_axi_result1_ARUSER    |  out|    1|          m_axi|       result1|       pointer|
|m_axi_result1_RVALID    |   in|    1|          m_axi|       result1|       pointer|
|m_axi_result1_RREADY    |  out|    1|          m_axi|       result1|       pointer|
|m_axi_result1_RDATA     |   in|  512|          m_axi|       result1|       pointer|
|m_axi_result1_RLAST     |   in|    1|          m_axi|       result1|       pointer|
|m_axi_result1_RID       |   in|    1|          m_axi|       result1|       pointer|
|m_axi_result1_RUSER     |   in|    1|          m_axi|       result1|       pointer|
|m_axi_result1_RRESP     |   in|    2|          m_axi|       result1|       pointer|
|m_axi_result1_BVALID    |   in|    1|          m_axi|       result1|       pointer|
|m_axi_result1_BREADY    |  out|    1|          m_axi|       result1|       pointer|
|m_axi_result1_BRESP     |   in|    2|          m_axi|       result1|       pointer|
|m_axi_result1_BID       |   in|    1|          m_axi|       result1|       pointer|
|m_axi_result1_BUSER     |   in|    1|          m_axi|       result1|       pointer|
|m_axi_imgvf1_AWVALID    |  out|    1|          m_axi|        imgvf1|       pointer|
|m_axi_imgvf1_AWREADY    |   in|    1|          m_axi|        imgvf1|       pointer|
|m_axi_imgvf1_AWADDR     |  out|   64|          m_axi|        imgvf1|       pointer|
|m_axi_imgvf1_AWID       |  out|    1|          m_axi|        imgvf1|       pointer|
|m_axi_imgvf1_AWLEN      |  out|    8|          m_axi|        imgvf1|       pointer|
|m_axi_imgvf1_AWSIZE     |  out|    3|          m_axi|        imgvf1|       pointer|
|m_axi_imgvf1_AWBURST    |  out|    2|          m_axi|        imgvf1|       pointer|
|m_axi_imgvf1_AWLOCK     |  out|    2|          m_axi|        imgvf1|       pointer|
|m_axi_imgvf1_AWCACHE    |  out|    4|          m_axi|        imgvf1|       pointer|
|m_axi_imgvf1_AWPROT     |  out|    3|          m_axi|        imgvf1|       pointer|
|m_axi_imgvf1_AWQOS      |  out|    4|          m_axi|        imgvf1|       pointer|
|m_axi_imgvf1_AWREGION   |  out|    4|          m_axi|        imgvf1|       pointer|
|m_axi_imgvf1_AWUSER     |  out|    1|          m_axi|        imgvf1|       pointer|
|m_axi_imgvf1_WVALID     |  out|    1|          m_axi|        imgvf1|       pointer|
|m_axi_imgvf1_WREADY     |   in|    1|          m_axi|        imgvf1|       pointer|
|m_axi_imgvf1_WDATA      |  out|  512|          m_axi|        imgvf1|       pointer|
|m_axi_imgvf1_WSTRB      |  out|   64|          m_axi|        imgvf1|       pointer|
|m_axi_imgvf1_WLAST      |  out|    1|          m_axi|        imgvf1|       pointer|
|m_axi_imgvf1_WID        |  out|    1|          m_axi|        imgvf1|       pointer|
|m_axi_imgvf1_WUSER      |  out|    1|          m_axi|        imgvf1|       pointer|
|m_axi_imgvf1_ARVALID    |  out|    1|          m_axi|        imgvf1|       pointer|
|m_axi_imgvf1_ARREADY    |   in|    1|          m_axi|        imgvf1|       pointer|
|m_axi_imgvf1_ARADDR     |  out|   64|          m_axi|        imgvf1|       pointer|
|m_axi_imgvf1_ARID       |  out|    1|          m_axi|        imgvf1|       pointer|
|m_axi_imgvf1_ARLEN      |  out|    8|          m_axi|        imgvf1|       pointer|
|m_axi_imgvf1_ARSIZE     |  out|    3|          m_axi|        imgvf1|       pointer|
|m_axi_imgvf1_ARBURST    |  out|    2|          m_axi|        imgvf1|       pointer|
|m_axi_imgvf1_ARLOCK     |  out|    2|          m_axi|        imgvf1|       pointer|
|m_axi_imgvf1_ARCACHE    |  out|    4|          m_axi|        imgvf1|       pointer|
|m_axi_imgvf1_ARPROT     |  out|    3|          m_axi|        imgvf1|       pointer|
|m_axi_imgvf1_ARQOS      |  out|    4|          m_axi|        imgvf1|       pointer|
|m_axi_imgvf1_ARREGION   |  out|    4|          m_axi|        imgvf1|       pointer|
|m_axi_imgvf1_ARUSER     |  out|    1|          m_axi|        imgvf1|       pointer|
|m_axi_imgvf1_RVALID     |   in|    1|          m_axi|        imgvf1|       pointer|
|m_axi_imgvf1_RREADY     |  out|    1|          m_axi|        imgvf1|       pointer|
|m_axi_imgvf1_RDATA      |   in|  512|          m_axi|        imgvf1|       pointer|
|m_axi_imgvf1_RLAST      |   in|    1|          m_axi|        imgvf1|       pointer|
|m_axi_imgvf1_RID        |   in|    1|          m_axi|        imgvf1|       pointer|
|m_axi_imgvf1_RUSER      |   in|    1|          m_axi|        imgvf1|       pointer|
|m_axi_imgvf1_RRESP      |   in|    2|          m_axi|        imgvf1|       pointer|
|m_axi_imgvf1_BVALID     |   in|    1|          m_axi|        imgvf1|       pointer|
|m_axi_imgvf1_BREADY     |  out|    1|          m_axi|        imgvf1|       pointer|
|m_axi_imgvf1_BRESP      |   in|    2|          m_axi|        imgvf1|       pointer|
|m_axi_imgvf1_BID        |   in|    1|          m_axi|        imgvf1|       pointer|
|m_axi_imgvf1_BUSER      |   in|    1|          m_axi|        imgvf1|       pointer|
|m_axi_I1_AWVALID        |  out|    1|          m_axi|            I1|       pointer|
|m_axi_I1_AWREADY        |   in|    1|          m_axi|            I1|       pointer|
|m_axi_I1_AWADDR         |  out|   64|          m_axi|            I1|       pointer|
|m_axi_I1_AWID           |  out|    1|          m_axi|            I1|       pointer|
|m_axi_I1_AWLEN          |  out|    8|          m_axi|            I1|       pointer|
|m_axi_I1_AWSIZE         |  out|    3|          m_axi|            I1|       pointer|
|m_axi_I1_AWBURST        |  out|    2|          m_axi|            I1|       pointer|
|m_axi_I1_AWLOCK         |  out|    2|          m_axi|            I1|       pointer|
|m_axi_I1_AWCACHE        |  out|    4|          m_axi|            I1|       pointer|
|m_axi_I1_AWPROT         |  out|    3|          m_axi|            I1|       pointer|
|m_axi_I1_AWQOS          |  out|    4|          m_axi|            I1|       pointer|
|m_axi_I1_AWREGION       |  out|    4|          m_axi|            I1|       pointer|
|m_axi_I1_AWUSER         |  out|    1|          m_axi|            I1|       pointer|
|m_axi_I1_WVALID         |  out|    1|          m_axi|            I1|       pointer|
|m_axi_I1_WREADY         |   in|    1|          m_axi|            I1|       pointer|
|m_axi_I1_WDATA          |  out|  512|          m_axi|            I1|       pointer|
|m_axi_I1_WSTRB          |  out|   64|          m_axi|            I1|       pointer|
|m_axi_I1_WLAST          |  out|    1|          m_axi|            I1|       pointer|
|m_axi_I1_WID            |  out|    1|          m_axi|            I1|       pointer|
|m_axi_I1_WUSER          |  out|    1|          m_axi|            I1|       pointer|
|m_axi_I1_ARVALID        |  out|    1|          m_axi|            I1|       pointer|
|m_axi_I1_ARREADY        |   in|    1|          m_axi|            I1|       pointer|
|m_axi_I1_ARADDR         |  out|   64|          m_axi|            I1|       pointer|
|m_axi_I1_ARID           |  out|    1|          m_axi|            I1|       pointer|
|m_axi_I1_ARLEN          |  out|    8|          m_axi|            I1|       pointer|
|m_axi_I1_ARSIZE         |  out|    3|          m_axi|            I1|       pointer|
|m_axi_I1_ARBURST        |  out|    2|          m_axi|            I1|       pointer|
|m_axi_I1_ARLOCK         |  out|    2|          m_axi|            I1|       pointer|
|m_axi_I1_ARCACHE        |  out|    4|          m_axi|            I1|       pointer|
|m_axi_I1_ARPROT         |  out|    3|          m_axi|            I1|       pointer|
|m_axi_I1_ARQOS          |  out|    4|          m_axi|            I1|       pointer|
|m_axi_I1_ARREGION       |  out|    4|          m_axi|            I1|       pointer|
|m_axi_I1_ARUSER         |  out|    1|          m_axi|            I1|       pointer|
|m_axi_I1_RVALID         |   in|    1|          m_axi|            I1|       pointer|
|m_axi_I1_RREADY         |  out|    1|          m_axi|            I1|       pointer|
|m_axi_I1_RDATA          |   in|  512|          m_axi|            I1|       pointer|
|m_axi_I1_RLAST          |   in|    1|          m_axi|            I1|       pointer|
|m_axi_I1_RID            |   in|    1|          m_axi|            I1|       pointer|
|m_axi_I1_RUSER          |   in|    1|          m_axi|            I1|       pointer|
|m_axi_I1_RRESP          |   in|    2|          m_axi|            I1|       pointer|
|m_axi_I1_BVALID         |   in|    1|          m_axi|            I1|       pointer|
|m_axi_I1_BREADY         |  out|    1|          m_axi|            I1|       pointer|
|m_axi_I1_BRESP          |   in|    2|          m_axi|            I1|       pointer|
|m_axi_I1_BID            |   in|    1|          m_axi|            I1|       pointer|
|m_axi_I1_BUSER          |   in|    1|          m_axi|            I1|       pointer|
+------------------------+-----+-----+---------------+--------------+--------------+

