

================================================================
== Synthesis Summary Report of 'up_kernel'
================================================================
+ General Information: 
    * Date:           Fri Apr  2 17:13:23 2021
    * Version:        2020.2 (Build 3064766 on Wed Nov 18 09:12:47 MST 2020)
    * Project:        exchange_stream_up_kernel
    * Solution:       solution (Vitis Kernel Flow Target)
    * Product family: virtexuplus
    * Target device:  xcu200-fsgd2104-2-e
    

+ Performance & Resource Estimates: 
    
    PS: '+' for module; 'o' for loop; '*' for dataflow
    +--------------------------------------+--------+-------+---------+-----------+----------+---------+------+----------+---------+------------+-------------+-------------+-----+
    |                Modules               |  Issue |       | Latency |  Latency  | Iteration|         | Trip |          |         |            |             |             |     |
    |                & Loops               |  Type  | Slack | (cycles)|    (ns)   |  Latency | Interval| Count| Pipelined|  BRAM   |     DSP    |      FF     |     LUT     | URAM|
    +--------------------------------------+--------+-------+---------+-----------+----------+---------+------+----------+---------+------------+-------------+-------------+-----+
    |+ up_kernel                           |  Timing|   0.00|     8871|  2.957e+04|         -|     8872|     -|        no|  90 (2%)|  1104 (16%)|  195685 (8%)|  104760 (8%)|    -|
    | + grp_lc_mgvf_fu_112                 |  Timing|   0.00|     4411|  1.470e+04|         -|     4411|     -|        no|        -|  1104 (16%)|  190330 (8%)|   98327 (8%)|    -|
    |  + grp_lc_mgvf_stencil_core_fu_5032  |       -|  -0.09|       90|    299.970|         -|        1|     -|       yes|        -|     69 (1%)|   9946 (~0%)|   5751 (~0%)|    -|
    |  + grp_lc_mgvf_stencil_core_fu_5050  |       -|  -0.09|       90|    299.970|         -|        1|     -|       yes|        -|     69 (1%)|   9946 (~0%)|   5751 (~0%)|    -|
    |  + grp_lc_mgvf_stencil_core_fu_5070  |       -|  -0.09|       90|    299.970|         -|        1|     -|       yes|        -|     69 (1%)|   9946 (~0%)|   5751 (~0%)|    -|
    |  + grp_lc_mgvf_stencil_core_fu_5090  |       -|  -0.09|       90|    299.970|         -|        1|     -|       yes|        -|     69 (1%)|   9946 (~0%)|   5751 (~0%)|    -|
    |  + grp_lc_mgvf_stencil_core_fu_5110  |       -|  -0.09|       90|    299.970|         -|        1|     -|       yes|        -|     69 (1%)|   9946 (~0%)|   5751 (~0%)|    -|
    |  + grp_lc_mgvf_stencil_core_fu_5130  |       -|  -0.09|       90|    299.970|         -|        1|     -|       yes|        -|     69 (1%)|   9946 (~0%)|   5751 (~0%)|    -|
    |  + grp_lc_mgvf_stencil_core_fu_5150  |       -|  -0.09|       90|    299.970|         -|        1|     -|       yes|        -|     69 (1%)|   9946 (~0%)|   5751 (~0%)|    -|
    |  + grp_lc_mgvf_stencil_core_fu_5170  |       -|  -0.09|       90|    299.970|         -|        1|     -|       yes|        -|     69 (1%)|   9946 (~0%)|   5751 (~0%)|    -|
    |  + grp_lc_mgvf_stencil_core_fu_5190  |       -|  -0.09|       90|    299.970|         -|        1|     -|       yes|        -|     69 (1%)|   9946 (~0%)|   5751 (~0%)|    -|
    |  + grp_lc_mgvf_stencil_core_fu_5210  |       -|  -0.09|       90|    299.970|         -|        1|     -|       yes|        -|     69 (1%)|   9946 (~0%)|   5751 (~0%)|    -|
    |  + grp_lc_mgvf_stencil_core_fu_5230  |       -|  -0.09|       90|    299.970|         -|        1|     -|       yes|        -|     69 (1%)|   9946 (~0%)|   5751 (~0%)|    -|
    |  + grp_lc_mgvf_stencil_core_fu_5250  |       -|  -0.09|       90|    299.970|         -|        1|     -|       yes|        -|     69 (1%)|   9946 (~0%)|   5751 (~0%)|    -|
    |  + grp_lc_mgvf_stencil_core_fu_5270  |       -|  -0.09|       90|    299.970|         -|        1|     -|       yes|        -|     69 (1%)|   9946 (~0%)|   5751 (~0%)|    -|
    |  + grp_lc_mgvf_stencil_core_fu_5290  |       -|  -0.09|       90|    299.970|         -|        1|     -|       yes|        -|     69 (1%)|   9946 (~0%)|   5751 (~0%)|    -|
    |  + grp_lc_mgvf_stencil_core_fu_5310  |       -|  -0.09|       90|    299.970|         -|        1|     -|       yes|        -|     69 (1%)|   9946 (~0%)|   5751 (~0%)|    -|
    |  + grp_lc_mgvf_stencil_core_fu_5330  |       -|  -0.09|       90|    299.970|         -|        1|     -|       yes|        -|     69 (1%)|   9946 (~0%)|   5751 (~0%)|    -|
    |  o VITIS_LOOP_58_1                   |       -|  -2.43|       11|     36.663|         2|        1|    10|       yes|        -|           -|            -|            -|    -|
    |  o MAJOR_LOOP                        |       -|  -2.43|     4189|  1.396e+04|        95|        1|  4096|       yes|        -|           -|            -|            -|    -|
    | + grp_data_exchange_fu_128           |       -|  -1.03|       20|     66.660|         -|       20|     -|        no|        -|           -|     16 (~0%)|    135 (~0%)|    -|
    |  o VITIS_LOOP_164_1                  |       -|  -2.43|        8|     26.664|         2|        1|     8|       yes|        -|           -|            -|            -|    -|
    |  o VITIS_LOOP_174_1                  |       -|  -2.43|        8|     26.664|         1|        1|     8|       yes|        -|           -|            -|            -|    -|
    +--------------------------------------+--------+-------+---------+-----------+----------+---------+------+----------+---------+------------+-------------+-------------+-----+

