

================================================================
== Synthesis Summary Report of 'down_kernel'
================================================================
+ General Information: 
    * Date:           Fri Apr  2 21:12:58 2021
    * Version:        2020.2 (Build 3064766 on Wed Nov 18 09:12:47 MST 2020)
    * Project:        down_kernel
    * Solution:       solution (Vitis Kernel Flow Target)
    * Product family: virtexuplus
    * Target device:  xcu200-fsgd2104-2-e
    

+ Performance & Resource Estimates: 
    
    PS: '+' for module; 'o' for loop; '*' for dataflow
    +--------------------------------------+--------+-------+---------+-----------+----------+---------+------+----------+---------+------------+-------------+-------------+-----+
    |                Modules               |  Issue |       | Latency |  Latency  | Iteration|         | Trip |          |         |            |             |             |     |
    |                & Loops               |  Type  | Slack | (cycles)|    (ns)   |  Latency | Interval| Count| Pipelined|  BRAM   |     DSP    |      FF     |     LUT     | URAM|
    +--------------------------------------+--------+-------+---------+-----------+----------+---------+------+----------+---------+------------+-------------+-------------+-----+
    |+ down_kernel                         |  Timing|   0.00|        -|          -|         -|        -|     -|        no|  90 (2%)|  1104 (16%)|  195756 (8%)|  104295 (8%)|    -|
    | + grp_lc_mgvf_fu_127                 |  Timing|   0.00|     4443|  1.481e+04|         -|     4443|     -|        no|        -|  1104 (16%)|  190737 (8%)|   98420 (8%)|    -|
    |  + grp_lc_mgvf_stencil_core_fu_5026  |       -|  -0.09|       90|    299.970|         -|        1|     -|       yes|        -|     69 (1%)|   9946 (~0%)|   5751 (~0%)|    -|
    |  + grp_lc_mgvf_stencil_core_fu_5044  |       -|  -0.09|       90|    299.970|         -|        1|     -|       yes|        -|     69 (1%)|   9946 (~0%)|   5751 (~0%)|    -|
    |  + grp_lc_mgvf_stencil_core_fu_5064  |       -|  -0.09|       90|    299.970|         -|        1|     -|       yes|        -|     69 (1%)|   9946 (~0%)|   5751 (~0%)|    -|
    |  + grp_lc_mgvf_stencil_core_fu_5084  |       -|  -0.09|       90|    299.970|         -|        1|     -|       yes|        -|     69 (1%)|   9946 (~0%)|   5751 (~0%)|    -|
    |  + grp_lc_mgvf_stencil_core_fu_5104  |       -|  -0.09|       90|    299.970|         -|        1|     -|       yes|        -|     69 (1%)|   9946 (~0%)|   5751 (~0%)|    -|
    |  + grp_lc_mgvf_stencil_core_fu_5124  |       -|  -0.09|       90|    299.970|         -|        1|     -|       yes|        -|     69 (1%)|   9946 (~0%)|   5751 (~0%)|    -|
    |  + grp_lc_mgvf_stencil_core_fu_5144  |       -|  -0.09|       90|    299.970|         -|        1|     -|       yes|        -|     69 (1%)|   9946 (~0%)|   5751 (~0%)|    -|
    |  + grp_lc_mgvf_stencil_core_fu_5164  |       -|  -0.09|       90|    299.970|         -|        1|     -|       yes|        -|     69 (1%)|   9946 (~0%)|   5751 (~0%)|    -|
    |  + grp_lc_mgvf_stencil_core_fu_5184  |       -|  -0.09|       90|    299.970|         -|        1|     -|       yes|        -|     69 (1%)|   9946 (~0%)|   5751 (~0%)|    -|
    |  + grp_lc_mgvf_stencil_core_fu_5204  |       -|  -0.09|       90|    299.970|         -|        1|     -|       yes|        -|     69 (1%)|   9946 (~0%)|   5751 (~0%)|    -|
    |  + grp_lc_mgvf_stencil_core_fu_5224  |       -|  -0.09|       90|    299.970|         -|        1|     -|       yes|        -|     69 (1%)|   9946 (~0%)|   5751 (~0%)|    -|
    |  + grp_lc_mgvf_stencil_core_fu_5244  |       -|  -0.09|       90|    299.970|         -|        1|     -|       yes|        -|     69 (1%)|   9946 (~0%)|   5751 (~0%)|    -|
    |  + grp_lc_mgvf_stencil_core_fu_5264  |       -|  -0.09|       90|    299.970|         -|        1|     -|       yes|        -|     69 (1%)|   9946 (~0%)|   5751 (~0%)|    -|
    |  + grp_lc_mgvf_stencil_core_fu_5284  |       -|  -0.09|       90|    299.970|         -|        1|     -|       yes|        -|     69 (1%)|   9946 (~0%)|   5751 (~0%)|    -|
    |  + grp_lc_mgvf_stencil_core_fu_5304  |       -|  -0.09|       90|    299.970|         -|        1|     -|       yes|        -|     69 (1%)|   9946 (~0%)|   5751 (~0%)|    -|
    |  + grp_lc_mgvf_stencil_core_fu_5323  |       -|  -0.09|       90|    299.970|         -|        1|     -|       yes|        -|     69 (1%)|   9946 (~0%)|   5751 (~0%)|    -|
    |  o INITIALZE_LOOP                    |       -|  -2.43|       11|     36.663|         2|        1|    10|       yes|        -|           -|            -|            -|    -|
    |  o MAJOR_LOOP                        |       -|  -2.43|     4221|  1.407e+04|        95|        1|  4128|       yes|        -|           -|            -|            -|    -|
    | o VITIS_LOOP_148_1                   |       -|  -2.43|        -|          -|      8890|        -|     -|        no|        -|           -|            -|            -|    -|
    +--------------------------------------+--------+-------+---------+-----------+----------+---------+------+----------+---------+------------+-------------+-------------+-----+

