

================================================================
== Synthesis Summary Report of 'down_kernel'
================================================================
+ General Information: 
    * Date:           Mon Mar 29 16:46:36 2021
    * Version:        2020.2 (Build 3064766 on Wed Nov 18 09:12:47 MST 2020)
    * Project:        multi_hbm_down_kernel
    * Solution:       solution (Vitis Kernel Flow Target)
    * Product family: virtexuplus
    * Target device:  xcu200-fsgd2104-2-e
    

+ Performance & Resource Estimates: 
    
    PS: '+' for module; 'o' for loop; '*' for dataflow
    +--------------------------------------+--------+-------+---------+-----------+----------+---------+------+----------+----------+---------+------------+------------+-----+
    |                Modules               |  Issue |       | Latency |  Latency  | Iteration|         | Trip |          |          |         |            |            |     |
    |                & Loops               |  Type  | Slack | (cycles)|    (ns)   |  Latency | Interval| Count| Pipelined|   BRAM   |   DSP   |     FF     |     LUT    | URAM|
    +--------------------------------------+--------+-------+---------+-----------+----------+---------+------+----------+----------+---------+------------+------------+-----+
    |+ down_kernel                         |  Timing|   0.23|   264235|  8.807e+05|         -|   264236|     -|        no|  150 (3%)|  69 (1%)|  67246 (2%)|  27347 (2%)|    -|
    | + grp_lc_mgvf_fu_165                 |  Timing|   0.23|    66056|  2.202e+05|         -|    66056|     -|        no|         -|  69 (1%)|  59193 (2%)|  17962 (1%)|    -|
    |  + grp_lc_mgvf_stencil_core_fu_7214  |       -|  -0.09|       90|    299.970|         -|        1|     -|       yes|         -|  69 (1%)|  9946 (~0%)|  5751 (~0%)|    -|
    |  o VITIS_LOOP_59_1                   |       -|  -2.43|       10|     33.330|         3|        1|     8|       yes|         -|        -|           -|           -|    -|
    |  o VITIS_LOOP_71_3                   |       -|  -2.43|       10|     33.330|         3|        1|     8|       yes|         -|        -|           -|           -|    -|
    |  o VITIS_LOOP_84_5                   |       -|  -2.43|       12|     39.996|         3|        1|    10|       yes|         -|        -|           -|           -|    -|
    |  o VITIS_LOOP_95_7                   |      II|  -2.43|    65753|  2.192e+05|       234|       16|  4096|       yes|         -|        -|           -|           -|    -|
    | o VITIS_LOOP_183_1                   |       -|  -2.43|   264234|  8.807e+05|    132117|        -|     2|        no|         -|        -|           -|           -|    -|
    +--------------------------------------+--------+-------+---------+-----------+----------+---------+------+----------+----------+---------+------------+------------+-----+

