

================================================================
== Synthesis Summary Report of 'down_kernel'
================================================================
+ General Information: 
    * Date:           Fri Apr  2 22:48:55 2021
    * Version:        2020.2 (Build 3064766 on Wed Nov 18 09:12:47 MST 2020)
    * Project:        multi_hbm_down_kernel
    * Solution:       solution (Vitis Kernel Flow Target)
    * Product family: virtexuplus
    * Target device:  xcu200-fsgd2104-2-e
    

+ Performance & Resource Estimates: 
    
    PS: '+' for module; 'o' for loop; '*' for dataflow
    +--------------------------------------+--------+-------+---------+-----------+----------+---------+------+----------+----------+------------+-------------+-------------+-----+
    |                Modules               |  Issue |       | Latency |  Latency  | Iteration|         | Trip |          |          |            |             |             |     |
    |                & Loops               |  Type  | Slack | (cycles)|    (ns)   |  Latency | Interval| Count| Pipelined|   BRAM   |     DSP    |      FF     |     LUT     | URAM|
    +--------------------------------------+--------+-------+---------+-----------+----------+---------+------+----------+----------+------------+-------------+-------------+-----+
    |+ down_kernel                         |  Timing|   0.00|    17983|  5.994e+04|         -|    17984|     -|        no|  150 (3%)|  1104 (16%)|  217290 (9%)|  112425 (9%)|    -|
    | + grp_lc_mgvf_fu_165                 |  Timing|   0.00|     4493|  1.498e+04|         -|     4493|     -|        no|         -|  1104 (16%)|  209237 (8%)|  103040 (8%)|    -|
    |  + grp_lc_mgvf_stencil_core_fu_7112  |       -|  -0.09|       90|    299.970|         -|        1|     -|       yes|         -|     69 (1%)|   9946 (~0%)|   5751 (~0%)|    -|
    |  + grp_lc_mgvf_stencil_core_fu_7130  |       -|  -0.09|       90|    299.970|         -|        1|     -|       yes|         -|     69 (1%)|   9946 (~0%)|   5751 (~0%)|    -|
    |  + grp_lc_mgvf_stencil_core_fu_7150  |       -|  -0.09|       90|    299.970|         -|        1|     -|       yes|         -|     69 (1%)|   9946 (~0%)|   5751 (~0%)|    -|
    |  + grp_lc_mgvf_stencil_core_fu_7170  |       -|  -0.09|       90|    299.970|         -|        1|     -|       yes|         -|     69 (1%)|   9946 (~0%)|   5751 (~0%)|    -|
    |  + grp_lc_mgvf_stencil_core_fu_7190  |       -|  -0.09|       90|    299.970|         -|        1|     -|       yes|         -|     69 (1%)|   9946 (~0%)|   5751 (~0%)|    -|
    |  + grp_lc_mgvf_stencil_core_fu_7210  |       -|  -0.09|       90|    299.970|         -|        1|     -|       yes|         -|     69 (1%)|   9946 (~0%)|   5751 (~0%)|    -|
    |  + grp_lc_mgvf_stencil_core_fu_7230  |       -|  -0.09|       90|    299.970|         -|        1|     -|       yes|         -|     69 (1%)|   9946 (~0%)|   5751 (~0%)|    -|
    |  + grp_lc_mgvf_stencil_core_fu_7250  |       -|  -0.09|       90|    299.970|         -|        1|     -|       yes|         -|     69 (1%)|   9946 (~0%)|   5751 (~0%)|    -|
    |  + grp_lc_mgvf_stencil_core_fu_7270  |       -|  -0.09|       90|    299.970|         -|        1|     -|       yes|         -|     69 (1%)|   9946 (~0%)|   5751 (~0%)|    -|
    |  + grp_lc_mgvf_stencil_core_fu_7290  |       -|  -0.09|       90|    299.970|         -|        1|     -|       yes|         -|     69 (1%)|   9946 (~0%)|   5751 (~0%)|    -|
    |  + grp_lc_mgvf_stencil_core_fu_7310  |       -|  -0.09|       90|    299.970|         -|        1|     -|       yes|         -|     69 (1%)|   9946 (~0%)|   5751 (~0%)|    -|
    |  + grp_lc_mgvf_stencil_core_fu_7330  |       -|  -0.09|       90|    299.970|         -|        1|     -|       yes|         -|     69 (1%)|   9946 (~0%)|   5751 (~0%)|    -|
    |  + grp_lc_mgvf_stencil_core_fu_7350  |       -|  -0.09|       90|    299.970|         -|        1|     -|       yes|         -|     69 (1%)|   9946 (~0%)|   5751 (~0%)|    -|
    |  + grp_lc_mgvf_stencil_core_fu_7370  |       -|  -0.09|       90|    299.970|         -|        1|     -|       yes|         -|     69 (1%)|   9946 (~0%)|   5751 (~0%)|    -|
    |  + grp_lc_mgvf_stencil_core_fu_7390  |       -|  -0.09|       90|    299.970|         -|        1|     -|       yes|         -|     69 (1%)|   9946 (~0%)|   5751 (~0%)|    -|
    |  + grp_lc_mgvf_stencil_core_fu_7410  |       -|  -0.09|       90|    299.970|         -|        1|     -|       yes|         -|     69 (1%)|   9946 (~0%)|   5751 (~0%)|    -|
    |  o PRE_LOOP1                         |       -|  -2.43|       10|     33.330|         3|        1|     8|       yes|         -|           -|            -|            -|    -|
    |  o PRE_LOOP2                         |       -|  -2.43|       10|     33.330|         3|        1|     8|       yes|         -|           -|            -|            -|    -|
    |  o INITIALIZE_LOOP                   |       -|  -2.43|       12|     39.996|         3|        1|    10|       yes|         -|           -|            -|            -|    -|
    |  o MAJOR_LOOP                        |       -|  -2.43|     4189|  1.396e+04|        95|        1|  4096|       yes|         -|           -|            -|            -|    -|
    | o VITIS_LOOP_204_1                   |       -|  -2.43|    17982|  5.993e+04|      8991|        -|     2|        no|         -|           -|            -|            -|    -|
    +--------------------------------------+--------+-------+---------+-----------+----------+---------+------+----------+----------+------------+-------------+-------------+-----+

