

================================================================
== Synthesis Summary Report of 'gathered_kernel'
================================================================
+ General Information: 
    * Date:           Fri Apr  2 23:41:18 2021
    * Version:        2020.2 (Build 3064766 on Wed Nov 18 09:12:47 MST 2020)
    * Project:        gathered_exchange_hbm_kernel
    * Solution:       solution (Vitis Kernel Flow Target)
    * Product family: virtexuplus
    * Target device:  xcu200-fsgd2104-2-e
    

+ Performance & Resource Estimates: 
    
    PS: '+' for module; 'o' for loop; '*' for dataflow
    +--------------------------------------+--------+-------+---------+-----------+----------+---------+------+----------+----------+------------+--------------+--------------+-----+
    |                Modules               |  Issue |       | Latency |  Latency  | Iteration|         | Trip |          |          |            |              |              |     |
    |                & Loops               |  Type  | Slack | (cycles)|    (ns)   |  Latency | Interval| Count| Pipelined|   BRAM   |     DSP    |      FF      |      LUT     | URAM|
    +--------------------------------------+--------+-------+---------+-----------+----------+---------+------+----------+----------+------------+--------------+--------------+-----+
    |+ gathered_kernel                     |  Timing|   0.00|    17985|  5.994e+04|         -|    17986|     -|        no|  240 (5%)|  2208 (32%)|  413623 (17%)|  217103 (18%)|    -|
    | + grp_down_lc_mgvf_fu_181            |  Timing|   0.00|     4493|  1.498e+04|         -|     4493|     -|        no|         -|  1104 (16%)|   209237 (8%)|   103040 (8%)|    -|
    |  + grp_lc_mgvf_stencil_core_fu_7112  |       -|  -0.09|       90|    299.970|         -|        1|     -|       yes|         -|     69 (1%)|    9946 (~0%)|    5751 (~0%)|    -|
    |  + grp_lc_mgvf_stencil_core_fu_7130  |       -|  -0.09|       90|    299.970|         -|        1|     -|       yes|         -|     69 (1%)|    9946 (~0%)|    5751 (~0%)|    -|
    |  + grp_lc_mgvf_stencil_core_fu_7150  |       -|  -0.09|       90|    299.970|         -|        1|     -|       yes|         -|     69 (1%)|    9946 (~0%)|    5751 (~0%)|    -|
    |  + grp_lc_mgvf_stencil_core_fu_7170  |       -|  -0.09|       90|    299.970|         -|        1|     -|       yes|         -|     69 (1%)|    9946 (~0%)|    5751 (~0%)|    -|
    |  + grp_lc_mgvf_stencil_core_fu_7190  |       -|  -0.09|       90|    299.970|         -|        1|     -|       yes|         -|     69 (1%)|    9946 (~0%)|    5751 (~0%)|    -|
    |  + grp_lc_mgvf_stencil_core_fu_7210  |       -|  -0.09|       90|    299.970|         -|        1|     -|       yes|         -|     69 (1%)|    9946 (~0%)|    5751 (~0%)|    -|
    |  + grp_lc_mgvf_stencil_core_fu_7230  |       -|  -0.09|       90|    299.970|         -|        1|     -|       yes|         -|     69 (1%)|    9946 (~0%)|    5751 (~0%)|    -|
    |  + grp_lc_mgvf_stencil_core_fu_7250  |       -|  -0.09|       90|    299.970|         -|        1|     -|       yes|         -|     69 (1%)|    9946 (~0%)|    5751 (~0%)|    -|
    |  + grp_lc_mgvf_stencil_core_fu_7270  |       -|  -0.09|       90|    299.970|         -|        1|     -|       yes|         -|     69 (1%)|    9946 (~0%)|    5751 (~0%)|    -|
    |  + grp_lc_mgvf_stencil_core_fu_7290  |       -|  -0.09|       90|    299.970|         -|        1|     -|       yes|         -|     69 (1%)|    9946 (~0%)|    5751 (~0%)|    -|
    |  + grp_lc_mgvf_stencil_core_fu_7310  |       -|  -0.09|       90|    299.970|         -|        1|     -|       yes|         -|     69 (1%)|    9946 (~0%)|    5751 (~0%)|    -|
    |  + grp_lc_mgvf_stencil_core_fu_7330  |       -|  -0.09|       90|    299.970|         -|        1|     -|       yes|         -|     69 (1%)|    9946 (~0%)|    5751 (~0%)|    -|
    |  + grp_lc_mgvf_stencil_core_fu_7350  |       -|  -0.09|       90|    299.970|         -|        1|     -|       yes|         -|     69 (1%)|    9946 (~0%)|    5751 (~0%)|    -|
    |  + grp_lc_mgvf_stencil_core_fu_7370  |       -|  -0.09|       90|    299.970|         -|        1|     -|       yes|         -|     69 (1%)|    9946 (~0%)|    5751 (~0%)|    -|
    |  + grp_lc_mgvf_stencil_core_fu_7390  |       -|  -0.09|       90|    299.970|         -|        1|     -|       yes|         -|     69 (1%)|    9946 (~0%)|    5751 (~0%)|    -|
    |  + grp_lc_mgvf_stencil_core_fu_7410  |       -|  -0.09|       90|    299.970|         -|        1|     -|       yes|         -|     69 (1%)|    9946 (~0%)|    5751 (~0%)|    -|
    |  o DOWN_PRE_LOOP1                    |       -|  -2.43|       10|     33.330|         3|        1|     8|       yes|         -|           -|             -|             -|    -|
    |  o DOWN_PRE_LOOP2                    |       -|  -2.43|       10|     33.330|         3|        1|     8|       yes|         -|           -|             -|             -|    -|
    |  o DOWN_INITIALIZE_LOOP              |       -|  -2.43|       12|     39.996|         3|        1|    10|       yes|         -|           -|             -|             -|    -|
    |  o MAJOR_LOOP                        |       -|  -2.43|     4189|  1.396e+04|        95|        1|  4096|       yes|         -|           -|             -|             -|    -|
    | + grp_up_lc_mgvf_fu_204              |  Timing|   0.00|     4480|  1.493e+04|         -|     4480|     -|        no|         -|  1104 (16%)|   191555 (8%)|    99003 (8%)|    -|
    |  + grp_lc_mgvf_stencil_core_fu_5091  |       -|  -0.09|       90|    299.970|         -|        1|     -|       yes|         -|     69 (1%)|    9946 (~0%)|    5751 (~0%)|    -|
    |  + grp_lc_mgvf_stencil_core_fu_5109  |       -|  -0.09|       90|    299.970|         -|        1|     -|       yes|         -|     69 (1%)|    9946 (~0%)|    5751 (~0%)|    -|
    |  + grp_lc_mgvf_stencil_core_fu_5129  |       -|  -0.09|       90|    299.970|         -|        1|     -|       yes|         -|     69 (1%)|    9946 (~0%)|    5751 (~0%)|    -|
    |  + grp_lc_mgvf_stencil_core_fu_5149  |       -|  -0.09|       90|    299.970|         -|        1|     -|       yes|         -|     69 (1%)|    9946 (~0%)|    5751 (~0%)|    -|
    |  + grp_lc_mgvf_stencil_core_fu_5169  |       -|  -0.09|       90|    299.970|         -|        1|     -|       yes|         -|     69 (1%)|    9946 (~0%)|    5751 (~0%)|    -|
    |  + grp_lc_mgvf_stencil_core_fu_5189  |       -|  -0.09|       90|    299.970|         -|        1|     -|       yes|         -|     69 (1%)|    9946 (~0%)|    5751 (~0%)|    -|
    |  + grp_lc_mgvf_stencil_core_fu_5209  |       -|  -0.09|       90|    299.970|         -|        1|     -|       yes|         -|     69 (1%)|    9946 (~0%)|    5751 (~0%)|    -|
    |  + grp_lc_mgvf_stencil_core_fu_5229  |       -|  -0.09|       90|    299.970|         -|        1|     -|       yes|         -|     69 (1%)|    9946 (~0%)|    5751 (~0%)|    -|
    |  + grp_lc_mgvf_stencil_core_fu_5249  |       -|  -0.09|       90|    299.970|         -|        1|     -|       yes|         -|     69 (1%)|    9946 (~0%)|    5751 (~0%)|    -|
    |  + grp_lc_mgvf_stencil_core_fu_5269  |       -|  -0.09|       90|    299.970|         -|        1|     -|       yes|         -|     69 (1%)|    9946 (~0%)|    5751 (~0%)|    -|
    |  + grp_lc_mgvf_stencil_core_fu_5289  |       -|  -0.09|       90|    299.970|         -|        1|     -|       yes|         -|     69 (1%)|    9946 (~0%)|    5751 (~0%)|    -|
    |  + grp_lc_mgvf_stencil_core_fu_5309  |       -|  -0.09|       90|    299.970|         -|        1|     -|       yes|         -|     69 (1%)|    9946 (~0%)|    5751 (~0%)|    -|
    |  + grp_lc_mgvf_stencil_core_fu_5329  |       -|  -0.09|       90|    299.970|         -|        1|     -|       yes|         -|     69 (1%)|    9946 (~0%)|    5751 (~0%)|    -|
    |  + grp_lc_mgvf_stencil_core_fu_5349  |       -|  -0.09|       90|    299.970|         -|        1|     -|       yes|         -|     69 (1%)|    9946 (~0%)|    5751 (~0%)|    -|
    |  + grp_lc_mgvf_stencil_core_fu_5369  |       -|  -0.09|       90|    299.970|         -|        1|     -|       yes|         -|     69 (1%)|    9946 (~0%)|    5751 (~0%)|    -|
    |  + grp_lc_mgvf_stencil_core_fu_5389  |       -|  -0.09|       90|    299.970|         -|        1|     -|       yes|         -|     69 (1%)|    9946 (~0%)|    5751 (~0%)|    -|
    |  o VITIS_LOOP_189_1                  |       -|  -2.43|       11|     36.663|         2|        1|    10|       yes|         -|           -|             -|             -|    -|
    |  o UP_MAJOR_LOOP                     |       -|  -2.43|     4258|  1.419e+04|       164|        1|  4096|       yes|         -|           -|             -|             -|    -|
    | o GATHERED_LOOP                      |       -|  -2.43|    17984|  5.994e+04|      4496|        -|     4|        no|         -|           -|             -|             -|    -|
    +--------------------------------------+--------+-------+---------+-----------+----------+---------+------+----------+----------+------------+--------------+--------------+-----+

