

================================================================
== Synthesis Summary Report of 'up_kernel'
================================================================
+ General Information: 
    * Date:           Mon Mar 29 16:49:17 2021
    * Version:        2020.2 (Build 3064766 on Wed Nov 18 09:12:47 MST 2020)
    * Project:        multi_hbm_up_kernel
    * Solution:       solution (Vitis Kernel Flow Target)
    * Product family: virtexuplus
    * Target device:  xcu200-fsgd2104-2-e
    

+ Performance & Resource Estimates: 
    
    PS: '+' for module; 'o' for loop; '*' for dataflow
    +--------------------------------------+--------+-------+---------+-----------+----------+---------+------+----------+----------+---------+------------+------------+-----+
    |                Modules               |  Issue |       | Latency |  Latency  | Iteration|         | Trip |          |          |         |            |            |     |
    |                & Loops               |  Type  | Slack | (cycles)|    (ns)   |  Latency | Interval| Count| Pipelined|   BRAM   |   DSP   |     FF     |     LUT    | URAM|
    +--------------------------------------+--------+-------+---------+-----------+----------+---------+------+----------+----------+---------+------------+------------+-----+
    |+ up_kernel                           |  Timing|   0.23|   263969|  8.798e+05|         -|   263970|     -|        no|  150 (3%)|  69 (1%)|  58622 (2%)|  30327 (2%)|    -|
    | + grp_lc_mgvf_fu_173                 |  Timing|   0.23|    65990|  2.199e+05|         -|    65990|     -|        no|         -|  69 (1%)|  50570 (2%)|  20948 (1%)|    -|
    |  + grp_lc_mgvf_stencil_core_fu_5854  |       -|  -0.09|       90|    299.970|         -|        1|     -|       yes|         -|  69 (1%)|  9946 (~0%)|  5751 (~0%)|    -|
    |  o VITIS_LOOP_57_1                   |       -|  -2.43|       11|     36.663|         2|        1|    10|       yes|         -|        -|           -|           -|    -|
    |  o VITIS_LOOP_68_3                   |      II|  -2.43|    65769|  2.192e+05|       250|       16|  4096|       yes|         -|        -|           -|           -|    -|
    | o VITIS_LOOP_169_1                   |       -|  -2.43|   263968|  8.798e+05|    131984|        -|     2|        no|         -|        -|           -|           -|    -|
    +--------------------------------------+--------+-------+---------+-----------+----------+---------+------+----------+----------+---------+------------+------------+-----+

